[htmldemo.net/subas/subas/index.html]
[backblue.gif]
[fade.gif]
[index.html]
[htmldemo.net/subas/subas/img/icon/favicon.png]
[htmldemo.net/subas/subas/lib/css/nivo-slider.css]
[htmldemo.net/subas/subas/css/bootstrap.min.css]
[htmldemo.net/subas/subas/css/core.css]
[htmldemo.net/subas/subas/css/shortcode/shortcodes.css]
[htmldemo.net/subas/subas/style.css]
[htmldemo.net/subas/subas/css/responsive.css]
[htmldemo.net/subas/subas/css/custom.css]
[htmldemo.net/subas/subas/css/style-customizer.css]
[htmldemo.net/subas/subas/js/vendor/modernizr-3.11.2.min.js]
[htmldemo.net/subas/subas/my-account.html]
[htmldemo.net/subas/subas/wishlist.html]
[htmldemo.net/subas/subas/login.html]
[htmldemo.net/subas/subas/img/logo/logo.png]
[htmldemo.net/subas/subas/index-3.html]
[htmldemo.net/subas/subas/index-2.html]
[htmldemo.net/subas/subas/index-5.html]
[htmldemo.net/subas/subas/index-4.html]
[htmldemo.net/subas/subas/index-6.html]
[htmldemo.net/subas/subas/index-8.html]
[htmldemo.net/subas/subas/index-7.html]
[htmldemo.net/subas/subas/index-10.html]
[htmldemo.net/subas/subas/index-9.html]
[htmldemo.net/subas/subas/elements-header-1-sticky.html]
[htmldemo.net/subas/subas/elements-header-1-no-sticky.html]
[htmldemo.net/subas/subas/elements-header-2-sticky.html]
[htmldemo.net/subas/subas/elements-footer-1.html]
[htmldemo.net/subas/subas/elements-header-2-no-sticky.html]
[htmldemo.net/subas/subas/elements-footer-2.html]
[htmldemo.net/subas/subas/elements-footer-3.html]
[htmldemo.net/subas/subas/elements-contact-form.html]
[htmldemo.net/subas/subas/elements-map.html]
[htmldemo.net/subas/subas/elements-featured-product-1.html]
[htmldemo.net/subas/subas/elements-featured-product-2.html]
[htmldemo.net/subas/subas/elements-product-tab-1.html]
[htmldemo.net/subas/subas/elements-up-comming-product-1.html]
[htmldemo.net/subas/subas/elements-product-tab-2.html]
[htmldemo.net/subas/subas/elements-up-comming-product-2.html]
[htmldemo.net/subas/subas/elements-single-product.html]
[htmldemo.net/subas/subas/elements-sidebar-left.html]
[htmldemo.net/subas/subas/elements-sidebar-right.html]
[htmldemo.net/subas/subas/elements-section-title.html]
[htmldemo.net/subas/subas/elements-pagination.html]
[htmldemo.net/subas/subas/elements-banner.html]
[htmldemo.net/subas/subas/elements-brands.html]
[htmldemo.net/subas/subas/elements-breadcrumbs.html]
[htmldemo.net/subas/subas/elements-newsletter.html]
[htmldemo.net/subas/subas/elements-audio.html]
[htmldemo.net/subas/subas/elements-team.html]
[htmldemo.net/subas/subas/elements-video.html]
[htmldemo.net/subas/subas/elements-typography.html]
[htmldemo.net/subas/subas/elements-buttons.html]
[htmldemo.net/subas/subas/elements-call-to-action.html]
[htmldemo.net/subas/subas/elements-accordion.html]
[htmldemo.net/subas/subas/elements-alerts.html]
[htmldemo.net/subas/subas/elements-progress-bars.html]
[htmldemo.net/subas/subas/elements-tab.html]
[htmldemo.net/subas/subas/elements-toggles.html]
[htmldemo.net/subas/subas/shop.html]
[htmldemo.net/subas/subas/img/mega-menu/1.jpg]
[htmldemo.net/subas/subas/shop-right-sidebar.html]
[htmldemo.net/subas/subas/shop-left-sidebar.html]
[htmldemo.net/subas/subas/shop-list.html]
[htmldemo.net/subas/subas/single-product.html]
[htmldemo.net/subas/subas/shop-list-right-sidebar.html]
[htmldemo.net/subas/subas/single-product-left-sidebar.html]
[htmldemo.net/subas/subas/single-product-no-sidebar.html]
[htmldemo.net/subas/subas/cart.html]
[htmldemo.net/subas/subas/checkout.html]
[htmldemo.net/subas/subas/order.html]
[htmldemo.net/subas/subas/about.html]
[htmldemo.net/subas/subas/404.html]
[htmldemo.net/subas/subas/blog.html]
[htmldemo.net/subas/subas/blog-left-sidebar.html]
[htmldemo.net/subas/subas/blog-right-sidebar.html]
[htmldemo.net/subas/subas/blog-2.html]
[htmldemo.net/subas/subas/blog-2-left-sidebar.html]
[htmldemo.net/subas/subas/blog-2-right-sidebar.html]
[htmldemo.net/subas/subas/single-blog.html]
[htmldemo.net/subas/subas/contact.html]
[htmldemo.net/subas/subas/img/cart/1.jpg]
[htmldemo.net/subas/subas/img/slider/slider-1/1.jpg]
[htmldemo.net/subas/subas/img/slider/slider-1/2.jpg]
[htmldemo.net/subas/subas/img/product/5.jpg]
[htmldemo.net/subas/subas/img/product/6.jpg]
[htmldemo.net/subas/subas/img/product/7.jpg]
[htmldemo.net/subas/subas/img/product/8.jpg]
[htmldemo.net/subas/subas/img/product/1.jpg]
[htmldemo.net/subas/subas/img/product/2.jpg]
[htmldemo.net/subas/subas/img/product/3.jpg]
[htmldemo.net/subas/subas/img/product/4.jpg]
[htmldemo.net/subas/subas/img/up-comming/1.jpg]
[htmldemo.net/subas/subas/img/banner/1.jpg]
[htmldemo.net/subas/subas/img/product/9.jpg]
[htmldemo.net/subas/subas/img/product/10.jpg]
[htmldemo.net/subas/subas/img/product/11.jpg]
[htmldemo.net/subas/subas/img/product/12.jpg]
[htmldemo.net/subas/subas/img/blog/1.jpg]
[htmldemo.net/subas/subas/img/blog/2.jpg]
[htmldemo.net/subas/subas/img/blog/3.jpg]
[htmldemo.net/subas/subas/img/payment/1.jpg]
[htmldemo.net/subas/subas/img/payment/2.jpg]
[htmldemo.net/subas/subas/img/payment/3.jpg]
[htmldemo.net/subas/subas/img/payment/4.jpg]
[htmldemo.net/subas/subas/img/product/quickview.jpg]
[htmldemo.net/subas/subas/images/logo/logo.png]
[htmldemo.net/subas/subas/images/customizer/bodybg/01.jpg]
[htmldemo.net/subas/subas/images/customizer/bodybg/02.jpg]
[htmldemo.net/subas/subas/images/customizer/bodybg/03.jpg]
[htmldemo.net/subas/subas/images/customizer/bodybg/04.jpg]
[htmldemo.net/subas/subas/images/customizer/bodybg/05.jpg]
[htmldemo.net/subas/subas/images/customizer/bodybg/06.jpg]
[htmldemo.net/subas/subas/images/customizer/bodybg/07.jpg]
[htmldemo.net/subas/subas/images/customizer/bodybg/08.jpg]
[htmldemo.net/subas/subas/js/vendor/jquery-3.6.0.min.js]
[htmldemo.net/subas/subas/js/vendor/jquery-migrate-3.3.2.min.js]
[htmldemo.net/subas/subas/js/bootstrap.bundle.min.js]
[htmldemo.net/subas/subas/lib/js/jquery.nivo.slider.js]
[htmldemo.net/subas/subas/index.html]
[htmldemo.net/subas/subas/css/bootstrap.min.css]
[htmldemo.net/subas/subas/lib/css/nivo-slider.css]
[htmldemo.net/subas/subas/js/main.js]
[htmldemo.net/subas/subas/js/plugins.js]
[htmldemo.net/subas/subas/css/material-design-iconic-font.css]
[htmldemo.net/subas/subas/css/plugins/animate.min.css]
[htmldemo.net/subas/subas/css/plugins/slick.css]
[htmldemo.net/subas/subas/css/plugins/jquery-ui.min.css]
[htmldemo.net/subas/subas/css/plugins/meanmenu.min.css]
[htmldemo.net/subas/subas/css/plugins/fancybox/jquery.fancybox.css]
[htmldemo.net/subas/subas/css/plugins/textanimate.css]
[htmldemo.net/subas/subas/css/plugins/jquery.mb.YTPlayer.min.css]
[htmldemo.net/subas/subas/css/core.css]
[htmldemo.net/subas/subas/css/shortcode/header.css]
[htmldemo.net/subas/subas/css/shortcode/default.css]
[htmldemo.net/subas/subas/css/shortcode/slider.css]
[htmldemo.net/subas/subas/css/shortcode/shortcodes.css]
[htmldemo.net/subas/subas/css/shortcode/footer.css]
[htmldemo.net/subas/subas/img/bg/ribbon.png]
[htmldemo.net/subas/subas/img/breadcrumb/1.png]
[htmldemo.net/subas/subas/img/icon/down-arrow.png]
[htmldemo.net/subas/subas/img/bg/blog-photo-bg.png]
[htmldemo.net/subas/subas/img/bg/grid.png]
[htmldemo.net/subas/subas/style.css]
[htmldemo.net/subas/subas/css/responsive.css]
[htmldemo.net/subas/subas/css/custom.css]
[htmldemo.net/subas/subas/images/customizer/pattern/1.png]
[htmldemo.net/subas/subas/images/customizer/pattern/2.png]
[htmldemo.net/subas/subas/images/customizer/pattern/3.png]
[htmldemo.net/subas/subas/images/customizer/pattern/4.png]
[htmldemo.net/subas/subas/images/customizer/pattern/5.png]
[htmldemo.net/subas/subas/images/customizer/pattern/6.png]
[htmldemo.net/subas/subas/images/customizer/pattern/7.png]
[htmldemo.net/subas/subas/images/customizer/pattern/8.png]
[htmldemo.net/subas/subas/images/main-bg-0.jpg]
[htmldemo.net/subas/subas/css/style-customizer.css]
[htmldemo.net/subas/subas/my-account.html]
[htmldemo.net/subas/subas/img/cart/2.jpg]
[htmldemo.net/subas/subas/img/cart/3.jpg]
[htmldemo.net/subas/subas/img/payment/1.png]
[htmldemo.net/subas/subas/img/payment/2.png]
[htmldemo.net/subas/subas/img/payment/3.png]
[htmldemo.net/subas/subas/img/payment/4.png]
[htmldemo.net/subas/subas/wishlist.html]
[htmldemo.net/subas/subas/login.html]
[htmldemo.net/subas/subas/img/slider/slider-2/slider-1.jpg]
[htmldemo.net/subas/subas/img/slider/slider-2/layer-1.png]
[htmldemo.net/subas/subas/img/slider/slider-2/layer-2.png]
[htmldemo.net/subas/subas/img/banner/2.jpg]
[htmldemo.net/subas/subas/img/banner/3.jpg]
[htmldemo.net/subas/subas/img/banner/4.jpg]
[htmldemo.net/subas/subas/img/product-2/1.jpg]
[htmldemo.net/subas/subas/img/product-2/2.jpg]
[htmldemo.net/subas/subas/img/product-2/3.jpg]
[htmldemo.net/subas/subas/img/product-2/4.jpg]
[htmldemo.net/subas/subas/img/up-comming/2.jpg]
[htmldemo.net/subas/subas/img/product-2/5.jpg]
[htmldemo.net/subas/subas/img/product-2/6.jpg]
[htmldemo.net/subas/subas/img/product-2/7.jpg]
[htmldemo.net/subas/subas/img/blog/4.jpg]
[htmldemo.net/subas/subas/img/blog/5.jpg]
[htmldemo.net/subas/subas/index-2.html]
[htmldemo.net/subas/subas/index-3.html]
[htmldemo.net/subas/subas/index-4.html]
[htmldemo.net/subas/subas/index-5.html]
[htmldemo.net/subas/subas/index-6.html]
[htmldemo.net/subas/subas/index-7.html]
[htmldemo.net/subas/subas/index-8.html]
[htmldemo.net/subas/subas/index-9.html]
[htmldemo.net/subas/subas/index-10.html]
[htmldemo.net/subas/subas/elements-header-1-sticky.html]
[htmldemo.net/subas/subas/elements-header-1-no-sticky.html]
[htmldemo.net/subas/subas/elements-header-2-sticky.html]
[htmldemo.net/subas/subas/elements-header-2-no-sticky.html]
[htmldemo.net/subas/subas/elements-footer-1.html]
[htmldemo.net/subas/subas/elements-footer-2.html]
[htmldemo.net/subas/subas/elements-footer-3.html]
[htmldemo.net/subas/subas/elements-contact-form.html]
[htmldemo.net/subas/subas/js/ajax-mail.js]
[htmldemo.net/subas/subas/elements-map.html]
[htmldemo.net/subas/subas/elements-featured-product-1.html]
[htmldemo.net/subas/subas/elements-featured-product-2.html]
[htmldemo.net/subas/subas/elements-product-tab-1.html]
[htmldemo.net/subas/subas/elements-product-tab-2.html]
[htmldemo.net/subas/subas/elements-up-comming-product-1.html]
[htmldemo.net/subas/subas/elements-up-comming-product-2.html]
[htmldemo.net/subas/subas/js/map.js]
[htmldemo.net/subas/subas/img/author/1.jpg]
[htmldemo.net/subas/subas/img/author/2.jpg]
[htmldemo.net/subas/subas/elements-single-product.html]
[htmldemo.net/subas/subas/elements-sidebar-left.html]
[htmldemo.net/subas/subas/elements-sidebar-right.html]
[htmldemo.net/subas/subas/elements-section-title.html]
[htmldemo.net/subas/subas/elements-pagination.html]
[htmldemo.net/subas/subas/elements-banner.html]
[htmldemo.net/subas/subas/elements-brands.html]
[htmldemo.net/subas/subas/elements-breadcrumbs.html]
[htmldemo.net/subas/subas/elements-newsletter.html]
[htmldemo.net/subas/subas/img/team/1.png]
[htmldemo.net/subas/subas/img/team/2.png]
[htmldemo.net/subas/subas/img/team/3.png]
[htmldemo.net/subas/subas/elements-team.html]
[htmldemo.net/subas/subas/audio/blog-audio.mp3]
[htmldemo.net/subas/subas/elements-audio.html]
[htmldemo.net/subas/subas/elements-video.html]
[htmldemo.net/subas/subas/elements-typography.html]
[htmldemo.net/subas/subas/elements-buttons.html]
[htmldemo.net/subas/subas/elements-call-to-action.html]
[htmldemo.net/subas/subas/elements-accordion.html]
[htmldemo.net/subas/subas/elements-alerts.html]
[htmldemo.net/subas/subas/elements-progress-bars.html]
[htmldemo.net/subas/subas/elements-tab.html]
[htmldemo.net/subas/subas/elements-toggles.html]
[htmldemo.net/subas/subas/shop.html]
[htmldemo.net/subas/subas/shop-left-sidebar.html]
[htmldemo.net/subas/subas/shop-right-sidebar.html]
[htmldemo.net/subas/subas/shop-list.html]
[htmldemo.net/subas/subas/shop-list-right-sidebar.html]
[htmldemo.net/subas/subas/single-product.html]
[htmldemo.net/subas/subas/single-product-left-sidebar.html]
[htmldemo.net/subas/subas/single-product-no-sidebar.html]
[htmldemo.net/subas/subas/cart.html]
[htmldemo.net/subas/subas/checkout.html]
[htmldemo.net/subas/subas/order.html]
[htmldemo.net/subas/subas/img/others/about.jpg]
[htmldemo.net/subas/subas/about.html]
[htmldemo.net/subas/subas/img/others/error.jpg]
[htmldemo.net/subas/subas/404.html]
[htmldemo.net/subas/subas/img/cart/4.jpg]
[htmldemo.net/subas/subas/img/cart/5.jpg]
[htmldemo.net/subas/subas/img/cart/6.jpg]
[htmldemo.net/subas/subas/img/blog/6.jpg]
[htmldemo.net/subas/subas/img/blog/7.jpg]
[htmldemo.net/subas/subas/img/blog/8.jpg]
[htmldemo.net/subas/subas/blog.html]
[htmldemo.net/subas/subas/blog-left-sidebar.html]
[htmldemo.net/subas/subas/blog-right-sidebar.html]
[htmldemo.net/subas/subas/blog-2.html]
[htmldemo.net/subas/subas/blog-2-left-sidebar.html]
[htmldemo.net/subas/subas/blog-2-right-sidebar.html]
[htmldemo.net/subas/subas/img/blog/10.jpg]
[htmldemo.net/subas/subas/img/author/3.jpg]
[htmldemo.net/subas/subas/single-blog.html]
[htmldemo.net/subas/subas/contact.html]
[htmldemo.net/subas/subas/fonts/Material-Design-Iconic-Fontd1f1.woff2]
[htmldemo.net/subas/subas/fonts/Material-Design-Iconic-Fontd1f1.woff]
[htmldemo.net/subas/subas/fonts/Material-Design-Iconic-Fontd1f1.ttf]
[htmldemo.net/subas/subas/css/material-design-iconic-font.css]
[htmldemo.net/subas/subas/css/plugins/animate.min.css]
[htmldemo.net/subas/subas/css/plugins/slick.css]
[htmldemo.net/subas/subas/css/plugins/images/ui-bg_inset-hard_100_fcfdfd_1x100.png]
[htmldemo.net/subas/subas/css/plugins/images/ui-bg_gloss-wave_55_5c9ccc_500x100.png]
[htmldemo.net/subas/subas/css/plugins/images/ui-bg_glass_85_dfeffc_1x400.png]
[htmldemo.net/subas/subas/css/plugins/images/ui-bg_glass_75_d0e5f5_1x400.png]
[htmldemo.net/subas/subas/css/plugins/images/ui-bg_inset-hard_100_f5f8f9_1x100.png]
[htmldemo.net/subas/subas/css/plugins/images/ui-icons_469bdd_256x240.png]
[htmldemo.net/subas/subas/css/plugins/images/ui-icons_d8e7f3_256x240.png]
[htmldemo.net/subas/subas/css/plugins/images/ui-icons_6da8d5_256x240.png]
[htmldemo.net/subas/subas/css/plugins/images/ui-icons_217bc0_256x240.png]
[htmldemo.net/subas/subas/css/plugins/images/ui-icons_f9bd01_256x240.png]
[htmldemo.net/subas/subas/css/plugins/images/ui-icons_2e83ff_256x240.png]
[htmldemo.net/subas/subas/css/plugins/images/ui-icons_cd0a0a_256x240.png]
[htmldemo.net/subas/subas/css/plugins/jquery-ui.min.css]
[htmldemo.net/subas/subas/css/plugins/meanmenu.min.css]
[htmldemo.net/subas/subas/css/plugins/fancybox/fancybox_sprite.png]
[htmldemo.net/subas/subas/css/plugins/fancybox/fancybox_loading.gif]
[htmldemo.net/subas/subas/css/plugins/fancybox/blank.gif]
[htmldemo.net/subas/subas/css/plugins/fancybox/fancybox_overlay.png]
[htmldemo.net/subas/subas/css/plugins/fancybox/fancybox_sprite@2x.png]
[htmldemo.net/subas/subas/css/plugins/fancybox/fancybox_loading@2x.gif]
[htmldemo.net/subas/subas/css/plugins/fancybox/jquery.fancybox.css]
[htmldemo.net/subas/subas/css/plugins/textanimate.css]
[htmldemo.net/subas/subas/css/plugins/font/ytp-regular.eot]
[htmldemo.net/subas/subas/css/plugins/jquery.mb.YTPlayer.min.css]
[htmldemo.net/subas/subas/images/bg/1.jpg]
[htmldemo.net/subas/subas/images/bg/2.jpg]
[htmldemo.net/subas/subas/images/bg/3.jpg]
[htmldemo.net/subas/subas/images/bg/4.jpg]
[htmldemo.net/subas/subas/images/bg/5.jpg]
[htmldemo.net/subas/subas/images/bg/6.jpg]
[htmldemo.net/subas/subas/images/bg/7.jpg]
[htmldemo.net/subas/subas/images/bg/8.jpg]
[htmldemo.net/subas/subas/images/bg/9.jpg]
[htmldemo.net/subas/subas/images/bg/10.jpg]
[htmldemo.net/subas/subas/images/pattern/pattern-bg.png]
[htmldemo.net/subas/subas/css/shortcode/default.css]
[htmldemo.net/subas/subas/css/shortcode/header.css]
[htmldemo.net/subas/subas/css/shortcode/slider.css]
[htmldemo.net/subas/subas/css/shortcode/footer.css]
[htmldemo.net/subas/subas/images/main-bg-0.html]
[htmldemo.net/subas/subas/css/plugins/images/ui-bg_inset-hard_100_fcfdfd_1x100.html]
[htmldemo.net/subas/subas/css/plugins/images/ui-bg_gloss-wave_55_5c9ccc_500x100.html]
[htmldemo.net/subas/subas/css/plugins/images/ui-bg_glass_85_dfeffc_1x400.html]
[htmldemo.net/subas/subas/css/plugins/images/ui-bg_glass_75_d0e5f5_1x400.html]
[htmldemo.net/subas/subas/css/plugins/images/ui-bg_inset-hard_100_f5f8f9_1x100.html]
[htmldemo.net/subas/subas/css/plugins/images/ui-icons_469bdd_256x240.html]
[htmldemo.net/subas/subas/css/plugins/images/ui-icons_d8e7f3_256x240.html]
[htmldemo.net/subas/subas/css/plugins/images/ui-icons_6da8d5_256x240.html]
[htmldemo.net/subas/subas/css/plugins/images/ui-icons_217bc0_256x240.html]
[htmldemo.net/subas/subas/css/plugins/images/ui-icons_f9bd01_256x240.html]
[htmldemo.net/subas/subas/css/plugins/images/ui-icons_2e83ff_256x240.html]
[htmldemo.net/subas/subas/css/plugins/images/ui-icons_cd0a0a_256x240.html]
[htmldemo.net/subas/subas/css/plugins/font/ytp-regular.html]
[htmldemo.net/subas/subas/images/bg/10.html]
[htmldemo.net/subas/subas/images/pattern/pattern-bg.html]
[htmldemo.net/subas/subas/css/plugins/images/ui-bg_glass_95_fef1ec_1x400.html]
[htmldemo.net/subas/subas/css/plugins/images/ui-bg_glass_95_fef1ec_1x400.html]
